// Jest Snapshot v1, https://goo.gl/fbAQLP

exports[`list-issue command should list issues when the command is invoked 1`] = `
[MockFunction] {
  "calls": [
    [
      "╔══════════════╤═════════════╤════════════╤════════╤═══════════╗
║ issue Number │ issue Title │ Owner      │ status │ Repo Name ║
╟──────────────┼─────────────┼────────────┼────────┼───────────╢
║ 3            │ new title   │ Nerdwallet │ closed │ shepherd  ║
╚══════════════╧═════════════╧════════════╧════════╧═══════════╝
",
    ],
  ],
  "results": [
    {
      "type": "return",
      "value": true,
    },
  ],
}
`;
